Component: ARM Compiler 5.05 update 1 (build 106) Tool: armlink [4d0efa]

==============================================================================

Section Cross References

    boot.o(RESET) refers to boot.o(.text) for Reset_Handler
    boot.o(.text) refers to lpc1114.o(i.boot) for boot
    lpc1114.o(i._ZN11FileManager4initEv) refers to lpc1114.o(i._Z7preparejj) for prepare(unsigned, unsigned)
    lpc1114.o(i._ZN11FileManager4initEv) refers to lpc1114.o(i._Z5erasejj) for erase(unsigned, unsigned)
    lpc1114.o(i._ZN11FileManager4initEv) refers to rt_memcpy.o(.emb_text) for __aeabi_memcpy4
    lpc1114.o(i._ZN11FileManager4readEj) refers to lpc1114.o(i._ZN11FileManager5writeEj) for FileManager::write(unsigned)
    lpc1114.o(i._ZN11FileManager4readEj) refers to rt_memcpy.o(.emb_text) for __aeabi_memcpy4
    lpc1114.o(i._ZN11FileManager5writeEj) refers to lpc1114.o(i._Z7preparejj) for prepare(unsigned, unsigned)
    lpc1114.o(i._ZN11FileManager5writeEj) refers to lpc1114.o(i._Z4copyPvS_j) for copy(void*, void*, unsigned)
    lpc1114.o(i._ZN11FileManager6formatEv) refers to lpc1114.o(i._Z7preparejj) for prepare(unsigned, unsigned)
    lpc1114.o(i._ZN11FileManager6formatEv) refers to lpc1114.o(i._Z5erasejj) for erase(unsigned, unsigned)
    lpc1114.o(i._ZN11FileManager6formatEv) refers to lpc1114.o(i._ZN11FileManager5writeEj) for FileManager::write(unsigned)
    lpc1114.o(i._ZN11FileManager6formatEv) refers to lpc1114.o(i._ZN11FileManager4readEj) for FileManager::read(unsigned)
    lpc1114.o(i._ZN11FileManager9get_clearEj) refers to lpc1114.o(i._ZN11FileManager4readEj) for FileManager::read(unsigned)
    lpc1114.o(i._ZN4GPIO11digitalReadEj) refers to lpc1114.o(i.__ARM_common_switch8) for __ARM_common_switch8
    lpc1114.o(i._ZN4GPIO12digitalWriteEjNS_5VALUEE) refers to lpc1114.o(i.__ARM_common_switch8) for __ARM_common_switch8
    lpc1114.o(i._ZN4GPIO7pinModeEjNS_4MODEE) refers to lpc1114.o(i.__ARM_common_switch8) for __ARM_common_switch8
    lpc1114.o(i._ZN4UART4initEj) refers to lpc1114.o(i._ZN4UART8set_baudEj) for UART::set_baud(unsigned)
    lpc1114.o(i._ZN4UART4sendEPKc) refers to lpc1114.o(i._ZN4UART4sendEh) for UART::send(unsigned char)
    lpc1114.o(i._ZN4UART8set_baudEj) refers to aeabi_sdiv.o(.text) for __aeabi_uidivmod
    lpc1114.o(i.boot) refers to lpc1114.o(i._ZN6SystemnwEj) for System::operator new(unsigned)
    lpc1114.o(i.boot) refers to system.o(i._ZN6SystemC1Ev) for System::System()
    lpc1114.o(i.boot) refers to system.o(i._ZN6System3runEv) for System::run()
    lpc1114.o(i.boot) refers to system.o(i._ZN6System8shutdownEv) for System::shutdown()
    lpc1114.o(.ARM.exidx) refers to lpc1114.o(i._Z7preparejj) for i._Z7preparejj
    lpc1114.o(.ARM.exidx) refers to lpc1114.o(i._Z4copyPvS_j) for i._Z4copyPvS_j
    lpc1114.o(.ARM.exidx) refers to lpc1114.o(i._Z5erasejj) for i._Z5erasejj
    lpc1114.o(.ARM.exidx) refers to lpc1114.o(i._ZN4GPIO7pinModeEjNS_4MODEE) for i._ZN4GPIO7pinModeEjNS_4MODEE
    lpc1114.o(.ARM.exidx) refers to lpc1114.o(i._ZN4GPIO12digitalWriteEjNS_5VALUEE) for i._ZN4GPIO12digitalWriteEjNS_5VALUEE
    lpc1114.o(.ARM.exidx) refers to lpc1114.o(i._ZN4GPIO11digitalReadEj) for i._ZN4GPIO11digitalReadEj
    lpc1114.o(.ARM.exidx) refers to lpc1114.o(i._ZN4UART8set_baudEj) for i._ZN4UART8set_baudEj
    lpc1114.o(.ARM.exidx) refers to lpc1114.o(i._ZN4UART4initEj) for i._ZN4UART4initEj
    lpc1114.o(.ARM.exidx) refers to lpc1114.o(i._ZN4UART4sendEh) for i._ZN4UART4sendEh
    lpc1114.o(.ARM.exidx) refers to lpc1114.o(i._ZN4UART4sendEPKc) for i._ZN4UART4sendEPKc
    lpc1114.o(.ARM.exidx) refers to lpc1114.o(i._ZN4UART4recvEv) for i._ZN4UART4recvEv
    lpc1114.o(.ARM.exidx) refers to lpc1114.o(i._ZN11FileManager5writeEj) for i._ZN11FileManager5writeEj
    lpc1114.o(.ARM.exidx) refers to lpc1114.o(i._ZN11FileManager4readEj) for i._ZN11FileManager4readEj
    lpc1114.o(.ARM.exidx) refers to lpc1114.o(i._ZN11FileManager9get_clearEj) for i._ZN11FileManager9get_clearEj
    lpc1114.o(.ARM.exidx) refers to lpc1114.o(i._ZN11FileManager14write_on_clearEj) for i._ZN11FileManager14write_on_clearEj
    lpc1114.o(.ARM.exidx) refers to lpc1114.o(i._ZN11FileManager4initEv) for i._ZN11FileManager4initEv
    lpc1114.o(.ARM.exidx) refers to lpc1114.o(i._ZN11FileManager6formatEv) for i._ZN11FileManager6formatEv
    lpc1114.o(.ARM.exidx) refers to lpc1114.o(i._ZN6SystemnwEj) for i._ZN6SystemnwEj
    lpc1114.o(.ARM.exidx) refers to lpc1114.o(i.boot) for i.boot
    system.o(i._ZN6System3runEv) refers to system.o(i._ZN6System4loadEPKcPFvvE) for System::load(const char*, void(*)())
    system.o(i._ZN6System3runEv) refers to system.o(i._ZN6System4execEPKc) for System::exec(const char*)
    system.o(i._ZN6System3runEv) refers to system.o(i._Z4testv) for test()
    system.o(i._ZN6System4execEPKc) refers to system.o(i._Z6strcmpPcS_) for strcmp(char*, char*)
    system.o(i._ZN6System4execEPKc) refers to boot.o(.text) for execute
    system.o(i._ZN6System4initEv) refers to device.o(i._ZN13DeviceManager4initEv) for DeviceManager::init()
    system.o(i._ZN6System4initEv) refers to process.o(i._ZN14ProcessManager4initEv) for ProcessManager::init()
    system.o(i._ZN6System4initEv) refers to lpc1114.o(i._ZN11FileManager4initEv) for FileManager::init()
    system.o(i._ZN6System4initEv) refers to memory.o(i._ZN13MemoryManager4initEv) for MemoryManager::init()
    system.o(i._ZN6System4loadEPKcPFvvE) refers to system.o(i._Z6strcpyPcS_) for strcpy(char*, char*)
    system.o(i._ZN6System4loadEPKcPFvvE) refers to boot.o(.text) for func2int
    system.o(i._ZN6SystemC1Ev) refers to device.o(i._ZN13DeviceManagerC1Ev) for DeviceManager::DeviceManager()
    system.o(i._ZN6SystemC1Ev) refers to process.o(i._ZN14ProcessManagerC1Ev) for ProcessManager::ProcessManager()
    system.o(i._ZN6SystemC1Ev) refers to filesys.o(i._ZN11FileManagerC1Ev) for FileManager::FileManager()
    system.o(i._ZN6SystemC1Ev) refers to memory.o(i._ZN13MemoryManagerC1Ev) for MemoryManager::MemoryManager()
    system.o(.ARM.exidx) refers to system.o(i._Z4testv) for i._Z4testv
    system.o(.ARM.exidx) refers to system.o(i._Z6strcpyPcS_) for i._Z6strcpyPcS_
    system.o(.ARM.exidx) refers to system.o(i._Z6strcmpPcS_) for i._Z6strcmpPcS_
    system.o(.ARM.exidx) refers to system.o(i._ZN6SystemC1Ev) for i._ZN6SystemC1Ev
    system.o(.ARM.exidx) refers to system.o(i._ZN6System4initEv) for i._ZN6System4initEv
    system.o(.ARM.exidx) refers to system.o(i._ZN6System4execEPKc) for i._ZN6System4execEPKc
    system.o(.ARM.exidx) refers to system.o(i._ZN6System4loadEPKcPFvvE) for i._ZN6System4loadEPKcPFvvE
    system.o(.ARM.exidx) refers to system.o(i._ZN6System3runEv) for i._ZN6System3runEv
    system.o(.ARM.exidx) refers to system.o(i._ZN6System8shutdownEv) for i._ZN6System8shutdownEv
    device.o(i._ZN13DeviceManager11digitalReadEP7Processj) refers to device.o(i._ZN13DeviceManager7acquireEP7Processj) for DeviceManager::acquire(Process*, unsigned)
    device.o(i._ZN13DeviceManager11digitalReadEP7Processj) refers to lpc1114.o(i._ZN4GPIO11digitalReadEj) for GPIO::digitalRead(unsigned)
    device.o(i._ZN13DeviceManager12digitalWriteEP7ProcessjN4GPIO5VALUEE) refers to device.o(i._ZN13DeviceManager7acquireEP7Processj) for DeviceManager::acquire(Process*, unsigned)
    device.o(i._ZN13DeviceManager12digitalWriteEP7ProcessjN4GPIO5VALUEE) refers to lpc1114.o(i._ZN4GPIO12digitalWriteEjNS_5VALUEE) for GPIO::digitalWrite(unsigned, GPIO::VALUE)
    device.o(i._ZN13DeviceManager7acquireEP7Processj) refers to process.o(i._ZN7Process7get_pidEv) for Process::get_pid()
    device.o(i._ZN13DeviceManager7pinModeEP7ProcessjN4GPIO4MODEE) refers to device.o(i._ZN13DeviceManager7acquireEP7Processj) for DeviceManager::acquire(Process*, unsigned)
    device.o(i._ZN13DeviceManager7pinModeEP7ProcessjN4GPIO4MODEE) refers to lpc1114.o(i._ZN4GPIO7pinModeEjNS_4MODEE) for GPIO::pinMode(unsigned, GPIO::MODE)
    device.o(i._ZN13DeviceManager7releaseEP7Processj) refers to process.o(i._ZN7Process7get_pidEv) for Process::get_pid()
    device.o(i._ZN13DeviceManagerC1Ev) refers to device.o(i._ZN13DeviceManager4initEv) for DeviceManager::init()
    device.o(.ARM.exidx) refers to device.o(i._ZN13DeviceManager4initEv) for i._ZN13DeviceManager4initEv
    device.o(.ARM.exidx) refers to device.o(i._ZN13DeviceManagerC1Ev) for i._ZN13DeviceManagerC1Ev
    device.o(.ARM.exidx) refers to device.o(i._ZN13DeviceManager7acquireEP7Processj) for i._ZN13DeviceManager7acquireEP7Processj
    device.o(.ARM.exidx) refers to device.o(i._ZN13DeviceManager7pinModeEP7ProcessjN4GPIO4MODEE) for i._ZN13DeviceManager7pinModeEP7ProcessjN4GPIO4MODEE
    device.o(.ARM.exidx) refers to device.o(i._ZN13DeviceManager12digitalWriteEP7ProcessjN4GPIO5VALUEE) for i._ZN13DeviceManager12digitalWriteEP7ProcessjN4GPIO5VALUEE
    device.o(.ARM.exidx) refers to device.o(i._ZN13DeviceManager11digitalReadEP7Processj) for i._ZN13DeviceManager11digitalReadEP7Processj
    device.o(.ARM.exidx) refers to device.o(i._ZN13DeviceManager7releaseEP7Processj) for i._ZN13DeviceManager7releaseEP7Processj
    process.o(i._ZN14ProcessManagerC1Ev) refers to process.o(i._ZN14ProcessManager4initEv) for ProcessManager::init()
    process.o(i._ZN7ProcessC1Eh) refers to process.o(i._ZN6ThreadC1EP7Process) for Thread::Thread(Process*)
    process.o(.ARM.exidx) refers to process.o(i._ZN6ThreadC1EP7Process) for i._ZN6ThreadC1EP7Process
    process.o(.ARM.exidx) refers to process.o(i._ZN7ProcessC1Eh) for i._ZN7ProcessC1Eh
    process.o(.ARM.exidx) refers to process.o(i._ZN7Process7get_pidEv) for i._ZN7Process7get_pidEv
    process.o(.ARM.exidx) refers to process.o(i._ZN14ProcessManager4initEv) for i._ZN14ProcessManager4initEv
    process.o(.ARM.exidx) refers to process.o(i._ZN14ProcessManagerC1Ev) for i._ZN14ProcessManagerC1Ev
    filesys.o(i._ZN11FileManagerC1Ev) refers to lpc1114.o(i._ZN11FileManager4initEv) for FileManager::init()
    filesys.o(.ARM.exidx) refers to filesys.o(i._ZN11FileManagerC1Ev) for i._ZN11FileManagerC1Ev
    memory.o(i._ZN13MemoryManagerC1Ev) refers to memory.o(i._ZN13MemoryManager4initEv) for MemoryManager::init()
    memory.o(.ARM.exidx) refers to memory.o(i._ZN13MemoryManager4initEv) for i._ZN13MemoryManager4initEv
    memory.o(.ARM.exidx) refers to memory.o(i._ZN13MemoryManagerC1Ev) for i._ZN13MemoryManagerC1Ev
    memory.o(.ARM.exidx) refers to memory.o(i._ZN13MemoryManager5allocEj) for i._ZN13MemoryManager5allocEj
    rt_memcpy.o(.text) refers to rt_memcpy.o(.emb_text) for __aeabi_memcpy4
    aeabi_idiv0_sigfpe.o(.text) refers to rt_div0.o(.text) for __rt_div0
    rt_div0.o(.text) refers to defsig_fpe_outer.o(.text) for __rt_SIGFPE
    defsig_fpe_outer.o(.text) refers to defsig_fpe_inner.o(.text) for __rt_SIGFPE_inner
    defsig_fpe_outer.o(.text) refers to defsig_exit.o(.text) for __sig_exit
    defsig_fpe_formal.o(.text) refers to rt_raise.o(.text) for __rt_raise
    rt_raise.o(.text) refers to __raise.o(.text) for __raise
    rt_raise.o(.text) refers to sys_exit.o(.text) for _sys_exit
    defsig_exit.o(.text) refers to sys_exit.o(.text) for _sys_exit
    defsig_fpe_inner.o(.text) refers to defsig_general.o(.text) for __default_signal_display
    sys_exit.o(.text) refers (Special) to use_no_semi.o(.text) for __I$use$semihosting
    sys_exit.o(.text) refers (Special) to indicate_semi.o(.text) for __semihosting_library_function
    __raise.o(.text) refers to defsig.o(CL$$defsig) for __default_signal_handler
    defsig_general.o(.text) refers to sys_wrch.o(.text) for _ttywrch
    sys_wrch.o(.text) refers (Special) to use_no_semi.o(.text) for __I$use$semihosting
    sys_wrch.o(.text) refers (Special) to indicate_semi.o(.text) for __semihosting_library_function
    defsig.o(CL$$defsig) refers to defsig_fpe_inner.o(.text) for __rt_SIGFPE_inner
    defsig_abrt_inner.o(.text) refers to defsig_general.o(.text) for __default_signal_display
    defsig_rtred_inner.o(.text) refers to defsig_general.o(.text) for __default_signal_display
    defsig_rtmem_inner.o(.text) refers to defsig_general.o(.text) for __default_signal_display
    defsig_stak_inner.o(.text) refers to defsig_general.o(.text) for __default_signal_display
    defsig_pvfn_inner.o(.text) refers to defsig_general.o(.text) for __default_signal_display
    defsig_cppl_inner.o(.text) refers to defsig_general.o(.text) for __default_signal_display
    defsig_segv_inner.o(.text) refers to defsig_general.o(.text) for __default_signal_display
    defsig_other.o(.text) refers to defsig_general.o(.text) for __default_signal_display
    lpc1114.o(.ARM.exidx) refers to lpc1114.o(i.__ARM_common_switch8) for i.__ARM_common_switch8


==============================================================================

Removing Unused input sections from the image.

    Removing lpc1114.o(i._Z4copyPvS_j), (44 bytes).
    Removing lpc1114.o(i._ZN11FileManager14write_on_clearEj), (10 bytes).
    Removing lpc1114.o(i._ZN11FileManager4readEj), (34 bytes).
    Removing lpc1114.o(i._ZN11FileManager5writeEj), (36 bytes).
    Removing lpc1114.o(i._ZN11FileManager6formatEv), (102 bytes).
    Removing lpc1114.o(i._ZN11FileManager9get_clearEj), (44 bytes).
    Removing lpc1114.o(i._ZN4GPIO11digitalReadEj), (214 bytes).
    Removing lpc1114.o(i._ZN4GPIO12digitalWriteEjNS_5VALUEE), (318 bytes).
    Removing lpc1114.o(i._ZN4GPIO7pinModeEjNS_4MODEE), (706 bytes).
    Removing lpc1114.o(i._ZN4UART4initEj), (280 bytes).
    Removing lpc1114.o(i._ZN4UART4recvEv), (36 bytes).
    Removing lpc1114.o(i._ZN4UART4sendEPKc), (28 bytes).
    Removing lpc1114.o(i._ZN4UART4sendEh), (34 bytes).
    Removing lpc1114.o(i._ZN4UART8set_baudEj), (76 bytes).
    Removing lpc1114.o(.ARM.exidx), (8 bytes).
    Removing lpc1114.o(.ARM.exidx), (8 bytes).
    Removing lpc1114.o(.ARM.exidx), (8 bytes).
    Removing lpc1114.o(.ARM.exidx), (8 bytes).
    Removing lpc1114.o(.ARM.exidx), (8 bytes).
    Removing lpc1114.o(.ARM.exidx), (8 bytes).
    Removing lpc1114.o(.ARM.exidx), (8 bytes).
    Removing lpc1114.o(.ARM.exidx), (8 bytes).
    Removing lpc1114.o(.ARM.exidx), (8 bytes).
    Removing lpc1114.o(.ARM.exidx), (8 bytes).
    Removing lpc1114.o(.ARM.exidx), (8 bytes).
    Removing lpc1114.o(.ARM.exidx), (8 bytes).
    Removing lpc1114.o(.ARM.exidx), (8 bytes).
    Removing lpc1114.o(.ARM.exidx), (8 bytes).
    Removing lpc1114.o(.ARM.exidx), (8 bytes).
    Removing lpc1114.o(.ARM.exidx), (8 bytes).
    Removing lpc1114.o(.ARM.exidx), (8 bytes).
    Removing lpc1114.o(.ARM.exidx), (8 bytes).
    Removing lpc1114.o(.ARM.exidx), (8 bytes).
    Removing system.o(i._ZN6System4initEv), (80 bytes).
    Removing system.o(.ARM.exidx), (8 bytes).
    Removing system.o(.ARM.exidx), (8 bytes).
    Removing system.o(.ARM.exidx), (8 bytes).
    Removing system.o(.ARM.exidx), (8 bytes).
    Removing system.o(.ARM.exidx), (8 bytes).
    Removing system.o(.ARM.exidx), (8 bytes).
    Removing system.o(.ARM.exidx), (8 bytes).
    Removing system.o(.ARM.exidx), (8 bytes).
    Removing system.o(.ARM.exidx), (8 bytes).
    Removing device.o(i._ZN13DeviceManager11digitalReadEP7Processj), (30 bytes).
    Removing device.o(i._ZN13DeviceManager12digitalWriteEP7ProcessjN4GPIO5VALUEE), (34 bytes).
    Removing device.o(i._ZN13DeviceManager7acquireEP7Processj), (34 bytes).
    Removing device.o(i._ZN13DeviceManager7pinModeEP7ProcessjN4GPIO4MODEE), (34 bytes).
    Removing device.o(i._ZN13DeviceManager7releaseEP7Processj), (28 bytes).
    Removing device.o(.ARM.exidx), (8 bytes).
    Removing device.o(.ARM.exidx), (8 bytes).
    Removing device.o(.ARM.exidx), (8 bytes).
    Removing device.o(.ARM.exidx), (8 bytes).
    Removing device.o(.ARM.exidx), (8 bytes).
    Removing device.o(.ARM.exidx), (8 bytes).
    Removing device.o(.ARM.exidx), (8 bytes).
    Removing process.o(i._ZN6ThreadC1EP7Process), (4 bytes).
    Removing process.o(i._ZN7Process7get_pidEv), (6 bytes).
    Removing process.o(i._ZN7ProcessC1Eh), (22 bytes).
    Removing process.o(.ARM.exidx), (8 bytes).
    Removing process.o(.ARM.exidx), (8 bytes).
    Removing process.o(.ARM.exidx), (8 bytes).
    Removing process.o(.ARM.exidx), (8 bytes).
    Removing process.o(.ARM.exidx), (8 bytes).
    Removing filesys.o(.ARM.exidx), (8 bytes).
    Removing memory.o(i._ZN13MemoryManager5allocEj), (22 bytes).
    Removing memory.o(.ARM.exidx), (8 bytes).
    Removing memory.o(.ARM.exidx), (8 bytes).
    Removing memory.o(.ARM.exidx), (8 bytes).
    Removing lpc1114.o(i.__ARM_common_switch8), (28 bytes).
    Removing lpc1114.o(.ARM.exidx), (8 bytes).

70 unused section(s) (total 2644 bytes) removed from the image.

==============================================================================

Image Symbol Table

    Local Symbols

    Symbol Name                              Value     Ov Type        Size  Object(Section)

    RESET                                    0x00000000   Section      192  boot.o(RESET)
    ../clib/angel/rt.s                       0x00000000   Number         0  rt_raise.o ABSOLUTE
    ../clib/angel/rt.s                       0x00000000   Number         0  aeabi_idiv0_sigfpe.o ABSOLUTE
    ../clib/angel/rt.s                       0x00000000   Number         0  rt_div0.o ABSOLUTE
    ../clib/angel/rt.s                       0x00000000   Number         0  aeabi_idiv0.o ABSOLUTE
    ../clib/angel/sys.s                      0x00000000   Number         0  indicate_semi.o ABSOLUTE
    ../clib/angel/sys.s                      0x00000000   Number         0  use_no_semi.o ABSOLUTE
    ../clib/angel/sysapp.c                   0x00000000   Number         0  sys_wrch.o ABSOLUTE
    ../clib/angel/sysapp.c                   0x00000000   Number         0  sys_exit.o ABSOLUTE
    ../clib/division.s                       0x00000000   Number         0  aeabi_sdiv_div0.o ABSOLUTE
    ../clib/division.s                       0x00000000   Number         0  aeabi_sdiv.o ABSOLUTE
    ../clib/memcpset.c                       0x00000000   Number         0  rt_memcpy.o ABSOLUTE
    ../clib/memcpset.c                       0x00000000   Number         0  rt_memcpy.o ABSOLUTE
    ../clib/signal.c                         0x00000000   Number         0  defsig_other.o ABSOLUTE
    ../clib/signal.c                         0x00000000   Number         0  defsig_segv_inner.o ABSOLUTE
    ../clib/signal.c                         0x00000000   Number         0  defsig_cppl_inner.o ABSOLUTE
    ../clib/signal.c                         0x00000000   Number         0  defsig_pvfn_inner.o ABSOLUTE
    ../clib/signal.c                         0x00000000   Number         0  defsig_stak_inner.o ABSOLUTE
    ../clib/signal.c                         0x00000000   Number         0  defsig_abrt_inner.o ABSOLUTE
    ../clib/signal.c                         0x00000000   Number         0  defsig_rtmem_inner.o ABSOLUTE
    ../clib/signal.c                         0x00000000   Number         0  defsig_rtred_inner.o ABSOLUTE
    ../clib/signal.c                         0x00000000   Number         0  defsig_general.o ABSOLUTE
    ../clib/signal.c                         0x00000000   Number         0  __raise.o ABSOLUTE
    ../clib/signal.c                         0x00000000   Number         0  defsig_fpe_inner.o ABSOLUTE
    ../clib/signal.c                         0x00000000   Number         0  defsig_exit.o ABSOLUTE
    ../clib/signal.c                         0x00000000   Number         0  defsig_fpe_formal.o ABSOLUTE
    ../clib/signal.c                         0x00000000   Number         0  defsig_fpe_outer.o ABSOLUTE
    ../clib/signal.s                         0x00000000   Number         0  defsig.o ABSOLUTE
    dc.s                                     0x00000000   Number         0  dc.o ABSOLUTE
    os\devices\device.cpp                    0x00000000   Number         0  device.o ABSOLUTE
    os\filesys\filesys.cpp                   0x00000000   Number         0  filesys.o ABSOLUTE
    os\hardware\lpc1114\boot.s               0x00000000   Number         0  boot.o ABSOLUTE
    os\hardware\lpc1114\lpc1114.cpp          0x00000000   Number         0  lpc1114.o ABSOLUTE
    os\memory\memory.cpp                     0x00000000   Number         0  memory.o ABSOLUTE
    os\process\process.cpp                   0x00000000   Number         0  process.o ABSOLUTE
    os\system\system.cpp                     0x00000000   Number         0  system.o ABSOLUTE
    .emb_text                                0x000000c0   Section       56  rt_memcpy.o(.emb_text)
    .text                                    0x000000f8   Section       20  boot.o(.text)
    i._Z4testv                               0x0000010c   Section        0  system.o(i._Z4testv)
    i._Z5erasejj                             0x00000110   Section        0  lpc1114.o(i._Z5erasejj)
    i._Z6strcmpPcS_                          0x00000138   Section        0  system.o(i._Z6strcmpPcS_)
    i._Z6strcpyPcS_                          0x00000170   Section        0  system.o(i._Z6strcpyPcS_)
    i._Z7preparejj                           0x00000184   Section        0  lpc1114.o(i._Z7preparejj)
    i._ZN11FileManager4initEv                0x000001a4   Section        0  lpc1114.o(i._ZN11FileManager4initEv)
    i._ZN11FileManagerC1Ev                   0x000001ca   Section        0  filesys.o(i._ZN11FileManagerC1Ev)
    i._ZN13DeviceManager4initEv              0x000001d8   Section        0  device.o(i._ZN13DeviceManager4initEv)
    i._ZN13DeviceManagerC1Ev                 0x000001ea   Section        0  device.o(i._ZN13DeviceManagerC1Ev)
    i._ZN13MemoryManager4initEv              0x000001f8   Section        0  memory.o(i._ZN13MemoryManager4initEv)
    i._ZN13MemoryManagerC1Ev                 0x00000200   Section        0  memory.o(i._ZN13MemoryManagerC1Ev)
    i._ZN14ProcessManager4initEv             0x0000020e   Section        0  process.o(i._ZN14ProcessManager4initEv)
    i._ZN14ProcessManagerC1Ev                0x00000214   Section        0  process.o(i._ZN14ProcessManagerC1Ev)
    i._ZN6System3runEv                       0x00000224   Section        0  system.o(i._ZN6System3runEv)
    i._ZN6System4execEPKc                    0x00000248   Section        0  system.o(i._ZN6System4execEPKc)
    i._ZN6System4loadEPKcPFvvE               0x00000284   Section        0  system.o(i._ZN6System4loadEPKcPFvvE)
    i._ZN6System8shutdownEv                  0x000002cc   Section        0  system.o(i._ZN6System8shutdownEv)
    i._ZN6SystemC1Ev                         0x000002d0   Section        0  system.o(i._ZN6SystemC1Ev)
    i._ZN6SystemnwEj                         0x00000330   Section        0  lpc1114.o(i._ZN6SystemnwEj)
    i.boot                                   0x00000338   Section        0  lpc1114.o(i.boot)

    Global Symbols

    Symbol Name                              Value     Ov Type        Size  Object(Section)

    BuildAttributes$$THM_ISAv3M$S$PE$A:L22$X:L11$S22$IEEE1$IW$USESV6$~STKCKD$USESV7$~SHL$OSPACE$ROPI$EBA8$STANDARDLIB$REQ8$PRES8$EABIv2 0x00000000   Number         0  anon$$obj.o ABSOLUTE
    __Vectors                                0x00000000   Data           0  boot.o(RESET)
    __sigvec_lookup                           - Undefined Weak Reference
    __aeabi_memcpy4                          0x000000c1   Thumb Code    56  rt_memcpy.o(.emb_text)
    __aeabi_memcpy8                          0x000000c1   Thumb Code     0  rt_memcpy.o(.emb_text)
    Reset_Handler                            0x000000f9   Thumb Code     6  boot.o(.text)
    func2int                                 0x00000101   Thumb Code     2  boot.o(.text)
    execute                                  0x00000105   Thumb Code     2  boot.o(.text)
    test()                                   0x0000010d   Thumb Code     2  system.o(i._Z4testv)
    erase(unsigned, unsigned)                0x00000111   Thumb Code    32  lpc1114.o(i._Z5erasejj)
    strcmp(char*, char*)                     0x00000139   Thumb Code    56  system.o(i._Z6strcmpPcS_)
    strcpy(char*, char*)                     0x00000171   Thumb Code    20  system.o(i._Z6strcpyPcS_)
    prepare(unsigned, unsigned)              0x00000185   Thumb Code    28  lpc1114.o(i._Z7preparejj)
    FileManager::init()                      0x000001a5   Thumb Code    38  lpc1114.o(i._ZN11FileManager4initEv)
    FileManager::FileManager()               0x000001cb   Thumb Code    14  filesys.o(i._ZN11FileManagerC1Ev)
    FileManager::FileManager__sub_object()   0x000001cb   Thumb Code     0  filesys.o(i._ZN11FileManagerC1Ev)
    DeviceManager::init()                    0x000001d9   Thumb Code    18  device.o(i._ZN13DeviceManager4initEv)
    DeviceManager::DeviceManager()           0x000001eb   Thumb Code    14  device.o(i._ZN13DeviceManagerC1Ev)
    DeviceManager::DeviceManager__sub_object() 0x000001eb   Thumb Code     0  device.o(i._ZN13DeviceManagerC1Ev)
    MemoryManager::init()                    0x000001f9   Thumb Code     8  memory.o(i._ZN13MemoryManager4initEv)
    MemoryManager::MemoryManager()           0x00000201   Thumb Code    14  memory.o(i._ZN13MemoryManagerC1Ev)
    MemoryManager::MemoryManager__sub_object() 0x00000201   Thumb Code     0  memory.o(i._ZN13MemoryManagerC1Ev)
    ProcessManager::init()                   0x0000020f   Thumb Code     6  process.o(i._ZN14ProcessManager4initEv)
    ProcessManager::ProcessManager()         0x00000215   Thumb Code    14  process.o(i._ZN14ProcessManagerC1Ev)
    ProcessManager::ProcessManager__sub_object() 0x00000215   Thumb Code     0  process.o(i._ZN14ProcessManagerC1Ev)
    System::run()                            0x00000225   Thumb Code    24  system.o(i._ZN6System3runEv)
    System::exec(const char*)                0x00000249   Thumb Code    60  system.o(i._ZN6System4execEPKc)
    System::load(const char*, void(*)())     0x00000285   Thumb Code    72  system.o(i._ZN6System4loadEPKcPFvvE)
    System::shutdown()                       0x000002cd   Thumb Code     2  system.o(i._ZN6System8shutdownEv)
    System::System()                         0x000002d1   Thumb Code    92  system.o(i._ZN6SystemC1Ev)
    System::System__sub_object()             0x000002d1   Thumb Code     0  system.o(i._ZN6SystemC1Ev)
    System::operator new(unsigned)           0x00000331   Thumb Code     8  lpc1114.o(i._ZN6SystemnwEj)
    boot                                     0x00000339   Thumb Code    32  lpc1114.o(i.boot)



==============================================================================

Memory Map of the image

  Image Entry point : 0x000000f9

  Load Region LR_1 (Base: 0x00000000, Size: 0x0000035c, Max: 0xffffffff, ABSOLUTE)

    Execution Region ER_RO (Base: 0x00000000, Size: 0x0000035c, Max: 0xffffffff, ABSOLUTE)

    Base Addr    Size         Type   Attr      Idx    E Section Name        Object

    0x00000000   0x000000c0   Data   RO            1    RESET               boot.o
    0x000000c0   0x00000038   Code   RO          449    .emb_text           c_p.l(rt_memcpy.o)
    0x000000f8   0x00000014   Code   RO            2  * .text               boot.o
    0x0000010c   0x00000002   Code   RO          207    i._Z4testv          system.o
    0x0000010e   0x00000002   PAD
    0x00000110   0x00000028   Code   RO            9    i._Z5erasejj        lpc1114.o
    0x00000138   0x00000038   Code   RO          208    i._Z6strcmpPcS_     system.o
    0x00000170   0x00000014   Code   RO          209    i._Z6strcpyPcS_     system.o
    0x00000184   0x00000020   Code   RO           10    i._Z7preparejj      lpc1114.o
    0x000001a4   0x00000026   Code   RO           12    i._ZN11FileManager4initEv  lpc1114.o
    0x000001ca   0x0000000e   Code   RO          399    i._ZN11FileManagerC1Ev  filesys.o
    0x000001d8   0x00000012   Code   RO          296    i._ZN13DeviceManager4initEv  device.o
    0x000001ea   0x0000000e   Code   RO          300    i._ZN13DeviceManagerC1Ev  device.o
    0x000001f8   0x00000008   Code   RO          417    i._ZN13MemoryManager4initEv  memory.o
    0x00000200   0x0000000e   Code   RO          419    i._ZN13MemoryManagerC1Ev  memory.o
    0x0000020e   0x00000006   Code   RO          357    i._ZN14ProcessManager4initEv  process.o
    0x00000214   0x0000000e   Code   RO          358    i._ZN14ProcessManagerC1Ev  process.o
    0x00000222   0x00000002   PAD
    0x00000224   0x00000024   Code   RO          210    i._ZN6System3runEv  system.o
    0x00000248   0x0000003c   Code   RO          211    i._ZN6System4execEPKc  system.o
    0x00000284   0x00000048   Code   RO          213    i._ZN6System4loadEPKcPFvvE  system.o
    0x000002cc   0x00000002   Code   RO          214    i._ZN6System8shutdownEv  system.o
    0x000002ce   0x00000002   PAD
    0x000002d0   0x00000060   Code   RO          215    i._ZN6SystemC1Ev    system.o
    0x00000330   0x00000008   Code   RO           25    i._ZN6SystemnwEj    lpc1114.o
    0x00000338   0x00000024   Code   RO           26    i.boot              lpc1114.o


    Execution Region ER_RW (Base: 0x10000000, Size: 0x00000000, Max: 0xffffffff, ABSOLUTE)

    **** No section assigned to this execution region ****


    Execution Region ER_ZI (Base: 0x10000000, Size: 0x00000000, Max: 0xffffffff, ABSOLUTE)

    **** No section assigned to this execution region ****


==============================================================================

Image component sizes


      Code (inc. data)   RO Data    RW Data    ZI Data      Debug   Object Name

        20         10        192          0          0        452   boot.o
        32          0          0          0          0       3284   device.o
        14          0          0          0          0       1664   filesys.o
       154         16          0          0          0      11266   lpc1114.o
        22          0          0          0          0       1548   memory.o
        20          0          0          0          0       1728   process.o
       344         16          0          0          0       8361   system.o

    ----------------------------------------------------------------------
       612         42        192          0          0      28303   Object Totals
         0          0          0          0          0          0   (incl. Generated)
         6          0          0          0          0          0   (incl. Padding)

    ----------------------------------------------------------------------

      Code (inc. data)   RO Data    RW Data    ZI Data      Debug   Library Member Name

        56          0          0          0          0         68   rt_memcpy.o

    ----------------------------------------------------------------------
        56          0          0          0          0         68   Library Totals
         0          0          0          0          0          0   (incl. Padding)

    ----------------------------------------------------------------------

      Code (inc. data)   RO Data    RW Data    ZI Data      Debug   Library Name

        56          0          0          0          0         68   c_p.l

    ----------------------------------------------------------------------
        56          0          0          0          0         68   Library Totals

    ----------------------------------------------------------------------

==============================================================================


      Code (inc. data)   RO Data    RW Data    ZI Data      Debug   

       668         42        192          0          0      27659   Grand Totals
       668         42        192          0          0      27659   ELF Image Totals
       668         42        192          0          0          0   ROM Totals

==============================================================================

    Total RO  Size (Code + RO Data)                  860 (   0.84kB)
    Total RW  Size (RW Data + ZI Data)                 0 (   0.00kB)
    Total ROM Size (Code + RO Data + RW Data)        860 (   0.84kB)

==============================================================================

