<html>
<body>
<pre>
<h1>µVision Build Log</h1>
<h2>Tool Versions:</h2>
IDE-Version: •ÏVision V5.14.0.0
Copyright (C) 2015 ARM Ltd and ARM Germany GmbH. All rights reserved.
License Information: Seongbeom Park, UNIST, LIC=----
 
Tool Versions:
Toolchain:       MDK-Lite  Version: 5.14.0.0
Toolchain Path:  C:\Keil_v5\ARM\ARMCC\Bin
C Compiler:      Armcc.exe V5.05 update 1 (build 106)
Assembler:       Armasm.exe V5.05 update 1 (build 106)
Linker/Locator:  ArmLink.exe V5.05 update 1 (build 106)
Library Manager: ArmAr.exe V5.05 update 1 (build 106)
Hex Converter:   FromElf.exe V5.05 update 1 (build 106)
CPU DLL:         SARMCM3.DLL V5.14.0.0
Dialog DLL:      DARMCM1.DLL V1.12.0.0
Target DLL:      UL2CM3.DLL V1.155.0.0
Dialog DLL:      TARMCM1.DLL V1.9.0.0
 
<h2>Project:</h2>
F:\Project Folder\GP 0_6\GP 0_6.uvprojx
Project File Date:  05/31/2015

<h2>Output:</h2>
Build target 'Target 1'
compiling lpc1114.cpp...
compiling system.cpp...
linking...
Program Size: Code=668 RO-data=192 RW-data=0 ZI-data=0  
".\Objects\GP 0_6.axf" - 0 Error(s), 0 Warning(s).

<h2>Collection of Component include folders:</h2>
  F:\Project Folder\GP 0_6\RTE
  C:\Keil_v5\ARM\PACK\Keil\LPC1100_DFP\1.3.0\Device\Include\LPC11xx

<h2>Collection of Component Files used:</h2>
</pre>
</body>
</html>
